2026-08-31 15:35:29,080 | INFO    | Worker iniciado | bbox=(48.0, 55.0, 2.0, 12.0) | intervalo=60s
2026-08-31 15:35:29,080 | INFO    | Renovando token
2026-08-31 15:35:30,312 | INFO    | Token renovado, vence en 1800 segundos
2026-08-31 15:35:33,425 | INFO    | Ciclo 1 | 480 aviones | creditos: 3990 | snapshot_1788201329.parquet
2026-08-31 15:36:30,680 | INFO    | Ciclo 2 | 473 aviones | creditos: 3988 | snapshot_1788201386.parquet
2026-08-31 15:37:30,706 | INFO    | Ciclo 3 | 471 aviones | creditos: 3986 | snapshot_1788201448.parquet
2026-08-31 15:38:30,771 | INFO    | Ciclo 4 | 473 aviones | creditos: 3984 | snapshot_1788201506.parquet
2026-08-31 15:39:30,879 | INFO    | Ciclo 5 | 475 aviones | creditos: 3982 | snapshot_1788201558.parquet
2026-08-31 15:40:31,025 | INFO    | Ciclo 6 | 478 aviones | creditos: 3980 | snapshot_1788201625.parquet
2026-08-31 15:41:31,155 | INFO    | Ciclo 7 | 476 aviones | creditos: 3978 | snapshot_1788201685.parquet
2026-08-31 15:42:30,948 | INFO    | Ciclo 8 | 478 aviones | creditos: 3976 | snapshot_1788201746.parquet
2026-08-31 15:43:30,914 | INFO    | Ciclo 9 | 478 aviones | creditos: 3974 | snapshot_1788201805.parquet
2026-08-31 15:44:31,041 | INFO    | Ciclo 10 | 479 aviones | creditos: 3972 | snapshot_1788201868.parquet
2026-08-31 15:45:31,117 | INFO    | Ciclo 11 | 466 aviones | creditos: 3970 | snapshot_1788201929.parquet
2026-08-31 15:46:30,988 | INFO    | Ciclo 12 | 460 aviones | creditos: 3968 | snapshot_1788201988.parquet
2026-08-31 15:47:31,295 | INFO    | Ciclo 13 | 456 aviones | creditos: 3966 | snapshot_1788202046.parquet
2026-08-31 15:48:31,004 | INFO    | Ciclo 14 | 461 aviones | creditos: 3964 | snapshot_1788202108.parquet
2026-08-31 15:49:30,981 | INFO    | Ciclo 15 | 463 aviones | creditos: 3962 | snapshot_1788202168.parquet
2026-08-31 15:50:30,988 | INFO    | Ciclo 16 | 461 aviones | creditos: 3960 | snapshot_1788202226.parquet
2026-08-31 15:51:31,077 | INFO    | Ciclo 17 | 460 aviones | creditos: 3958 | snapshot_1788202278.parquet
2026-08-31 15:52:30,890 | INFO    | Ciclo 18 | 452 aviones | creditos: 3956 | snapshot_1788202346.parquet
2026-08-31 15:53:31,064 | INFO    | Ciclo 19 | 451 aviones | creditos: 3954 | snapshot_1788202409.parquet
2026-08-31 15:54:30,914 | INFO    | Ciclo 20 | 457 aviones | creditos: 3952 | snapshot_1788202466.parquet
2026-08-31 15:55:31,017 | INFO    | Ciclo 21 | 460 aviones | creditos: 3950 | snapshot_1788202527.parquet
2026-08-31 15:57:48,366 | INFO    | Worker iniciado | bbox=(48.0, 55.0, 2.0, 12.0) | intervalo=60s
2026-08-31 15:57:48,367 | INFO    | Renovando token
2026-08-31 15:57:49,618 | INFO    | Token renovado, vence en 1800 segundos
2026-08-31 15:57:51,159 | INFO    | Ciclo 1 | 458 aviones | creditos: 3948 | snapshot_1788202656.parquet
2026-08-31 15:58:49,989 | INFO    | Ciclo 2 | 459 aviones | creditos: 3946 | snapshot_1788202724.parquet
2026-08-31 15:59:54,379 | ERROR   | Ciclo 3 fallo (1 fallas totales): RetryError[<Future at 0x1faa67c3410 state=finished raised ConnectionError>]
2026-08-31 16:00:50,252 | INFO    | Ciclo 4 | 459 aviones | creditos: 3944 | snapshot_1788202835.parquet
2026-08-31 16:00:59,497 | INFO    | Worker detenido por el usuario
